13.248.195.177
1337x.st
1337x.to
15min.lt
15minut.org
178.208.75.159:51821
194.113.153.48:60000
194.87.97.99:10086
1plus1.ua
2.26.48.66:13749
2.26.71.226:2053
200rf.com
20khvylyn.com
24chasa.bg
24tv.ua
444.hu
45.134.26.47:51820
45.66.228.244:54536
5.ua
76crimes.com
888casino.com
89.125.87.59:42299
9tv.co.il
Demokracija.eu
Euobserver.com
Nova24.si
abc.net.au
abpr2.railfan.net
abs.twimg.com
access-unlocked.org
account.proton.me
acidflow.stream
actionaid.org
activatica.org
ad.nl
addons.mozilla.org
adguard-vpn.com
adguard.com
advocate.com
advox.globalvoices.org
af.mil
afp.com
afpforum.com
agenceurope.eu
agents.media
agora.legal
alhurra.com
alice-vpn.com
allrus.news
allthefallen.moe
alqassam.ps
americannaziparty.com
amnesty.org
amnezia.org
animelib.me
animevost.tv
anonymouse.org
antikor.com.ua
antivigilancia.org
antizapret.prostovpn.org
apkmirror.com
aplaycasino.com
apollo.lv
app.wire.com
arc-international.net
archive.is
archiveofourown.org
army.mil
arte.tv
article19.org
artsy.net
ashingtonpost.com
ask.com
astalavista.box.sk
atr.ua
avtonom.org
avtozak.info
aws.amazon.com
azadli.github.io
azadliq.org
azatli.github.io
azatliq.org
azattyq.github.io
azattyq.org
azattyqasia.org
b1tv.ro
babook.org
backstage-api.com
badoo.com
bandcamp.com
baskino.me
bbc.co.uk
bbc.com
bbcrussian.com
bbm.com
bcc.chat
beeg.com
bellingcat.com
belsat.eu
belsat.pl
berlingske.dk
betfair.com
betternet.co
beyondexgay.com
bi.org
bing-amp.com
bitchute.com
bitcoin.org
bitfinex.com
bitmask.net
bitsearch.to
blackberry.com
blackseanews.net
blackseango.org
blackseatv.com
blancvpn.com
blockdx.co
blogs.voanews.com
bluehost.com
boingboing.net
bok-o-bok.com
booktracker.org
bravoporn.com
briarproject.org
bridges.torproject.org
browsec.com
bsky.app
btdb.to
bumble.com
cactusvpn.com
cameleo.xyz
cannaweed.com
carnegieendowment.org
casino.com
casinotropez.com
caucasustimes.com
ccel.org
cdn-client.medium.com
cdn.fbsbx.com
censor.net
censor.net.ua
censorship.no
censortracker.org
centcom.mil
centre1.com
ceskatelevize.cz
chat.in-the.eu
chat.nuvon.app
chat.privittytech.com
chat.sus.fr
chat.vim.wtf
chat.zashm.org
chatmail.au
chatmail.culturanerd.it
chatmail.email
chatmail.woodpeckersnest.space
cherta.media
cherurg.github.io
chess.com
chika.aangat.lahat.computer
christianitytoday.com
chronicles.media
chtml.ca
church.ua
cia.gov
clubhouse.pubnub.com
cnews.fr
coldhak.ca
com.cy
concern.net
cpj.org
crimea-news.info
cryptpad.fr
current-time.github.io
current-time.gitlab.io
currenttime.tv
cyberghostvpn.com
cyprus-mail.com
cyprustimes.com
d.gaufr.es
d2dj0qptshsals.cloudfront.net
dailymotion.com
danneskjold.de
darpa.mil
date.com
day.kyiv.ua
daymohk.org
ddosecrets.com
deathmetal.org
deeprism.com
delfi.ee
delo.ua
delta.thelab.uno
demokracija.eu
demokracija.si
dennikn.sk
depo.ua
deti-404.com
dev.ua
dia.mil
dialog.ua
diena.lv
digi24.ro
digitalocean.com
discord.com
dit.whatsapp.net
dns.adguard.com
dns.alidns.com
doh-fi.blahdns.com
doh.centraleu.pi-dns.com
donate.torproject.org
donbass.ua
donpress.com
dossier.center
doubleclick.net
dovod.online
doxa.team
dreamhost.com
dron.media
drugs-forum.com
dsau.dp.ua
dw.com
dweb.link
dwelle.eu
e-reading.club
e2ee.im
e2ee.wang
e621.net
earerepost.com
ebuddy.com
echofm.online
eclipso.de
edge-chat.instagram.com
edge-mqtt.facebook.com
editorials.voa.gov
efe.com
ehorussia.com
ekhokavkaza.com
elmundo.es
elpais.com
epicbrowser.com
epravda.com.ua
equaldex.com
equalit.ie
equalitie.org
erowid.org
err.ee
ert.gr
ertnews.gr
espreso.tv
esternunion.com
eu-objective.online
euobserver.com
eurasia.amnesty.org
eurasianet.org
euronews.com
euroradio.fm
eventbrite.com
excite.com
exmormon.org
expresso.pt
expressvpn.com
ext.to
external.xx.fbcdn.net
eztv.ag
eztv.re
facebook.com
factograph.info
fakty.ua
familyequality.org
fast-die.github.io
fast-die.kiev.ua
fastcomet.com
faz.net
fbcdn.net
fbk.info
feedtheminds.org
feeld.co
fellp0.ddns.net
fergana.agency
fergana.news
fergananews.com
ficbook.net
fidh.org
flathub.org
flibusta.is
focus.ua
fortanga.org
forum.mhut.org
forum.torproject.net
forum.torproject.org
fotoday.pro
frant.me
frc.org
freecity.lv
freedomhouse.org
freedominfo.org
freemedia.io
freepik.com
freespeechdebate.com
freevpnplanet.com
fri-gate.org
frkn.org
fsf.org
ftp.cc.uoc.gr
fuckingfreemovies.com
furfur.me
furry34.com
gagadget.com
gambling.com
gamersyde.com
gaycity.love
gaymenshealth.org
gazeta.ua
genderdysphoria.fyi
geti2p.net
getlantern.org
getoutline.org
gijn.org
githubusercontent.com
gitlab.torproject.org
glaad.org
glasnaya.media
glavcom.ua
glavnoe.in.ua
glavnoe.ua
glavpost.com
glavred.info
globalgiving.org
globalvoices.org
glsen.org
goatcorp.github.io
godaddy.com
goldenpalace.com
goldenrivieracasino.com
golosamer.github.io
golosamer.gitlab.io
golosameriki.com
golosinfo.org
golosislama.com
goodreads.com
gotgayporn.com
grammarly.com
grand-casino0.com
graniru.org
greenpeace.org
grindr.com
grindr.mobi
gsc-game.com
gubernia.media
hatsapp.com
helpdesk.media
hetzner.com
hide.me
hidemy.name
hidemyass.com
hightimes.com
hizb-ut-tahrir.org
hleb.asia
hochuzhit.com
hola.org
holod.media
hootsuite.com
hornet.com
hostgator.com
hotgaylist.com
hotspotshield.com
howtogeek.com
howtogrowmarijuana.com
hrc.org
hromadske.ua
hrw.org
hs.fi
huawei.com
humanrightsfirst.org
hunafa.com
hyphanet.org
i.gr-assets.com
i.instagram.com
i.ytimg.com
i2p2.de
i2pd.website
ichkeria.info
ici.radio-canada.ca
idelrea.github.io
idelreal.org
iditelesom.org
ikhwanonline.com
ilga.org
iltalehti.fi
imrussia.org
independent.com.mt
independent.ie
inetprivacy.com
information.dk
informator.ua
instagram.com
instagram.fsaw1-13.fna.fbcdn.net
instructions.peaceplea.org
investigator.org.ua
ionos.com
ipfs.io
ipvnews.org
irishtimes.com
irna.ir
is.fi
istories.media
itarmy.com.ua
itgetsbetter.org
ivilych.cc
jackpotcitycasino1.com
jahforum.org
joinmastodon.org
journlab.online
jsf.mil
jw.org
kabobfest.com
kafanews.com
kaleidoscopetrust.com
kamatera.com
kasparovru.com
kat.am
katcr.to
kavkaz-uzel.eu
kavkaz.tv
kavkazcenter.com
kavkazr.com
kavkazr.github.io
kcna.kp
khilafah.net
kickassclassical.com
kickasstorrents.to
kinogoo.cc
kinokrad.co
kinozal.tv
kiwifarms.net
kmoun.info
knack.be
knews.kg
kosa.media
krymre.github.io
krymsos.com
la-croix.com
la7.it
lambdalegal.org
lantern.io
lastampa.it
lb.ua
leap.se
leftfront.org
lemonde.fr
leonaccess.github.io
levif.be
lexpress.fr
lgbt.foundation
lgbt.org.ua
lgbti-ep.eu
lgbtnet.org
lgbtqia.space
lgbtqnation.com
lgbtru.com
lib.rus.ec
liberation.fr
libgen.fun
libgen.is
libgen.lc
libgen.li
libgen.life
libgen.me
libgen.rs
libgen.space
libgen.st
libgen.xyz
liga.net
limetorrents.lol
limetorrents.pro
line.me
lingo.com
linkedin.com
linktr.ee
liveleak.com
livemy.info
liveuamap.com
lokinet.org
lookaside.facebook.com
lostfilm.tv
lotoru.com
lrt.lt
lrytas.lt
lsm.lv
luckynugget.com
lurkmore.media
m.youtube.com
maestro.ge
maidan.org.ua
mail.proton.me
mailchat.pl
mailchi.mp
maltatoday.com.mt
manas.news
marxist.news
mask-h2.icloud.com
mask.icloud.com
massbrowser.cs.umass.edu
mastodon.social
mastodon.xyz
matrix-client.matrix.org
matrix.catgirl.cloud
matrix.to
mbk-news.appspot.com
mbk.news
mcclgbt.com
mdif.org
mdz-rus.github.io
media-arn2-1.cdn.whatsapp.net
media.fevn1-1.fna.whatsapp.net
medianet.kz
mediapool.bg
mediazona.ca
mediazonaby.com
medium.com
meduza.io
meendo.net
meet.google.com
megaproxy.com
megatfile.cc
megatv.com
mehl.cloud
messenger.com
metal-archives.com
metronome.ge
mideastyouth.com
mignews.ua
minds.com
minjust.net
minval.az
mirknig.su
miro.medium.com
mirror.cyberbits.eu
mirrormanager.fedoraproject.org
mmg.whatsapp.net
mnr.gov.cn
moskva.fm
moz.gov.ua
mp3.com
msn.com
mstdn.jp
mullvad.net
musixmatch.com
mv.ecuo.org
myanimelist.net
myc.news
myspace.com
mytrans.com.tw
namba.kz
nash-sever.info
nashaniva.com
navalny.com
navi.gg
navy.mil
nazarene.org
ndi.org
ned.org
networksolutions.com
nevzorov.tv
new-rutor.org
newinform.com
news.google.com
news.liga.net
newsmaker.md
newsru.com
newtime.ua
nibblehole.com
nikk.agency
nine.testrun.org
nnmclub.to
nomer-org.website
nordvpn.com
nos.nl
notvpn.io
nova24.si
nova24tv.si
novaya.no
novayagazeta.ee
novayagazeta.eu
novayapolsha.com
novayapolsha.eu
novayapolsha.pl
nr2.com.ua
nrc.nl
ntc.party
nv.ua
obozrevatel.com
observador.pt
occrp.org
ochevidcy.com
odysee.com
oe24.at
oi.voisbit.com
omct.org
omsk.com
onderzine.com
onlinegambling.com
ooni.github.io
ooni.torproject.org
open.substack.com
openmedia.io
openrussia.org
opensanctions.org
opensocietyfoundations.org
openuni.io
openuserjs.org
or.team
orbot.app
ordreference.com
orf.at
orldcoalition.org
orldwildlife.org
out.com
ovdinfo.org
pacom.mil
palitratv.ge
panties.com
pap.pl
paperpaper.io
papervpn.io
paralleleconomy.com
parniplus.com
partypoker.com
partypoker.net
patreon.com
pbs.twimg.com
peaceplea.org
pflag.org
pinknews.co.uk
pixabay.com
planeta.press
planetromeo.com
play.google.com
plug-mirror.rcac.purdue.edu
pn14.info
podrobnosti.ua
pof.com
pokerstars.com
poligon.media
poligonmedia.io
polit.info
politexpert.net
politico.com
politico.eu
politis.com.cy
politros.com
politrussia.com
polygon.com
pornhub.com
pornolab.net
pps.whatsapp.net
pravda.com.ua
pravdamaterinstva.org
premaritalsex.info
pressorg24.com
privacidade.digital
privateinternetaccess.com
privatevpn.com
probe-web.ooni.org
proekt.media
propastop.org
prosleduet.media
protokol.band
proton.me
protonvpn.com
protothema.gr
protv.ro
provokator.com.ua
proxify.com
psiphon.ca
psyplants.info
publico.pt
purevpn.com
putinbog.wordpress.com
qha.com.ua
quantico.marines.mil
queerty.com
quora.com
radiofrance.fr
radiofreel.github.io
radiomarsh.github.io
radiomarsho.com
radiosvobod.github.io
radiosvoboda.org
rai.it
rainews.it
rapidgator.net
rargb.to
rdo.rs
re-russia.net
redkollegia.org
redshieldvpn.com
reforum.io
reporter-ua.com
repubblica.com
repubblica.it
rescue.org
rferl.org
rfi.fr
riperam.org
riseup.net
risk-inform.com
riverbelle.com
romb.tv
rosdep.org
roskomsvoboda.org
royalvegas.com
rsf.org
rte.ie
rtp.pt
rtve.es
ru-news.us
ru.baku.ws
ru.bellingcat.com
ru.krymr.com
ru.rfi.fr
rumble.com
rureporter.com
rus.azattyq.org
rus.delfi.ee
rus.ozodi.org
rus.ozodlik.org
rusmonitor.com
rusnsn.info
rutor.org
rutracker.org
sakharov.world
sakhr.com
salinecitrine.com
samizdatonline.org
saverudata.online
scarleteen.com
scdn.co
scontent-ams4-1.cdninstagram.com
scontent-vie1-1.cdninstagram.com
scontent.cdninstagram.com
scontent.xx.fbcdn.net
search.aol.com
secfirst.org
secure.avaaz.org
seed4.me
seedoff.zannn.top
semnasem.org
severrea.github.io
severreal.org
sex.com
seznamzpravy.cz
shia.org
shram.kiev.ua
shroomery.org
shtab.navalny.com
sibrea.github.io
sibreal.org
simplex.chat
skai.gr
skat.media
skiff.com
slate.com
slideshare.net
slotland.com
slovodel.com
sme.sk
snapchat.com
socom.mil
sotaproject.com
sotnik-tv.com
soundcloud.com
southcom.mil
sovanews.tv
speedify.com
speedtest.net
spektr.press
spiegel.de
spinpalace.com
sportingbet.com
sportsinteraction.com
spring96.org
sprotyv.info
sputnikipogrom.com
ssd.eff.org
stalker2.com
startmail.com
static.cdninstagram.com
static.xx.fbcdn.net
staticxx.facebook.com
steamstatic.com
stepanov2021.org
stirileprotv.ro
stonewall.org.uk
stopfake.org
story.te-st.org
stratcom.mil
substack.com
support.therapytribe.com
surfshark.com
sverigesradio.se
svoboda.org
svobodaorg.github.io
svt.se
svtv.org
sweetfern.net
swisscows.email
swissinfo.ch
t.co
t.me
tampermonkey.net
tarpit.fun
tavisupleba.org.ge
tayga.info
te-st.org
team29.org
technorati.com
teenhealthfx.com
telegra.ph
telegraf.com.ua
telegram.me
telegram.org
telegraph.co.uk
tf1info.fr
thebell.io
thegooddrugsguide.com
theins.press
theinternationallegion.org
themoscowtimes.com
thenewtab.io
thepiratebay.org
thesnipergodproxy.github.io
thetrevorproject.org
thetruestory.news
threema.ch
thunder.free-signal.com
timesofmalta.com
tochka.net
topersoft.com
tor.calyxinstitute.org
tor.eff.org
torontovka.com
torproject.org
transequality.org
transfemscience.org
transparency.org
trendsmap.com
triller.co
trust.zone
trv-science.org
tsn.ua
tunnelbear.com
turbobit.net
turbovpn.com
tushkan.club
tuta.com
tutanota.com
tvmnews.mt
tvnet.lv
tvrain.tv
twimg.com
twirpx.com
twitter.com
tx.me
typepad.com
ua.korrespondent.net
ua.krymr.com
ua.tribuna.com
uacrisis.org
uainfo.org
uapolitics.com
udikov.com
ukrinform.ua
ultrasurf.us
unfe.org
unian.info
unian.net
uninterest.ing
uniongang.net
unn.com.ua
upload.twitter.com
upogau.org
urduvoa.com
usa.one
usafa.af.mil
uscg.mil
usrf.us
ust-kut24.com
utro02.tv
utronews.org
vector.im
verstka.media
vesma.today
viber.com
vice.com
victoriassecret.com
video.cdninstagram.com
video.twimg.com
visaginas.lt
vitk.com.ua
vlasti.net
voanews.com
vot-tak.tv
votvot.tv
vozrojdenie.crimea.ua
vpn-api.proton.me
vpngate.net
vpngen.org
vpnproxymaster.com
vpnredcat.com
vs.voisbit.com
war.hvylya.net
we.riseup.net
weareukraine.info
web.facebook.com
web.nhk
web.telegram.org
weedmaps.com
whatsapp.com
wickr.com
wikianime.club
wikihow.com
wikileaks.org
wisg.org
world.comments.ua
wpengine.com
write.as
wwf.panda.org
x.com
xakac.info
xanga.com
xda-developers.com
xhamster.com
xnxx.com
xvideos.com
xxx.lanl.gov
yggdrasil-network.github.io
yle.fi
yocity12.com
youporn.com
youtu.be
youtube.com
yt3.ggpht.com
yt4.ggpht.com
yummyanime.org
zaxid.net
zeit.de
znak.com
zona.media
